aphacker   2    94%       44
bitdiddle  1    94%       44
