[
    {
        "char": 5,
        "line": 1,
        "type": "string",
        "value": "A"
    },
    {
        "char": 7,
        "line": 1,
        "type": "string",
        "value": "Sample"
    },
    {
        "char": 14,
        "line": 1,
        "type": "string",
        "value": "File"
    },
    {
        "char": 18,
        "line": 1,
        "type": "newline",
        "value": "\n"
    },
    {
        "char": 1,
        "line": 2,
        "type": "newline",
        "value": "\n"
    },
    {
        "char": 1,
        "line": 3,
        "type": "string",
        "value": "This"
    },
    {
        "char": 6,
        "line": 3,
        "type": "string",
        "value": "file"
    },
    {
        "char": 11,
        "line": 3,
        "type": "string",
        "value": "contains"
    },
    {
        "char": 20,
        "line": 3,
        "type": "number",
        "value": "1"
    },
    {
        "char": 22,
        "line": 3,
        "type": "punctuation",
        "value": "\""
    },
    {
        "char": 23,
        "line": 3,
        "type": "string",
        "value": "sample"
    },
    {
        "char": 30,
        "line": 3,
        "type": "string",
        "value": "of"
    },
    {
        "char": 33,
        "line": 3,
        "type": "string",
        "value": "plaintext"
    },
    {
        "char": 42,
        "line": 3,
        "type": "punctuation",
        "value": "\""
    },
    {
        "char": 43,
        "line": 3,
        "type": "punctuation",
        "value": "."
    },
    {
        "char": 46,
        "line": 3,
        "type": "string",
        "value": "We"
    },
    {
        "char": 48,
        "line": 3,
        "type": "newline",
        "value": "\n"
    },
    {
        "char": 1,
        "line": 4,
        "type": "string",
        "value": "can"
    },
    {
        "char": 5,
        "line": 4,
        "type": "string",
        "value": "tokenize"
    },
    {
        "char": 14,
        "line": 4,
        "type": "string",
        "value": "THIS"
    },
    {
        "char": 18,
        "line": 4,
        "type": "punctuation",
        "value": "."
    },
    {
        "char": 21,
        "line": 4,
        "type": "string",
        "value": "a"
    },
    {
        "char": 22,
        "line": 4,
        "type": "punctuation",
        "value": "."
    },
    {
        "char": 23,
        "line": 4,
        "type": "string",
        "value": "b"
    },
    {
        "char": 24,
        "line": 4,
        "type": "punctuation",
        "value": "."
    },
    {
        "char": 25,
        "line": 4,
        "type": "string",
        "value": "c"
    },
    {
        "char": 26,
        "line": 4,
        "type": "number",
        "value": "1"
    },
    {
        "char": 27,
        "line": 4,
        "type": "string",
        "value": "d"
    },
    {
        "char": 28,
        "line": 4,
        "type": "number",
        "value": "2"
    },
    {
        "char": 29,
        "line": 4,
        "type": "string",
        "value": "e"
    },
    {
        "char": 30,
        "line": 4,
        "type": "punctuation",
        "value": "!"
    },
    {
        "char": 31,
        "line": 4,
        "type": "newline",
        "value": "\n"
    },
    {
        "char": 1,
        "line": 5,
        "type": "string",
        "value": "Good"
    },
    {
        "char": 5,
        "line": 5,
        "type": "punctuation",
        "value": "-"
    },
    {
        "char": 6,
        "line": 5,
        "type": "string",
        "value": "bye"
    },
    {
        "char": 9,
        "line": 5,
        "type": "punctuation",
        "value": "."
    },
    {
        "char": 10,
        "line": 5,
        "type": "newline",
        "value": "\n"
    },
    {
        "char": 1,
        "line": 6,
        "type": "newline",
        "value": "\n"
    }
]
