{
    "semester": "f21",
    "course": "plagiarism",
    "gradeable": "repeated_sequences",
    "config_id": "1",
    "version": "all_versions",
    "regex": [""],
    "regex_dirs": [
        "submissions"
    ],
    "language": "plaintext",
    "threshold": 5,
    "hash_size": 4,
    "other_gradeables": [],
    "ignore_submissions": []
}
