19.23%   bitdiddle         1
14.47%   aphacker          1
