bitdiddle        1    f21__blank__multiple_versions   32.79%
