bitdiddle        1    f21__blank__multiple_versions   80.95%
