[
    {
        "end": 4,
        "others": [
            {
                "matchingpositions": [
                    {
                        "end": 4,
                        "start": 1
                    },
                    {
                        "end": 13,
                        "start": 10
                    }
                ],
                "source_gradeable": "f21__blank__multiple_versions",
                "username": "aphacker",
                "version": 1
            },
            {
                "matchingpositions": [
                    {
                        "end": 4,
                        "start": 1
                    },
                    {
                        "end": 13,
                        "start": 10
                    }
                ],
                "source_gradeable": "f21__blank__multiple_versions",
                "username": "aphacker",
                "version": 2
            }
        ],
        "start": 1,
        "type": "match"
    },
    {
        "end": 6,
        "others": [
            {
                "matchingpositions": [
                    {
                        "end": 6,
                        "start": 2
                    }
                ],
                "source_gradeable": "f21__blank__multiple_versions",
                "username": "aphacker",
                "version": 1
            },
            {
                "matchingpositions": [
                    {
                        "end": 6,
                        "start": 2
                    }
                ],
                "source_gradeable": "f21__blank__multiple_versions",
                "username": "aphacker",
                "version": 2
            }
        ],
        "start": 2,
        "type": "match"
    },
    {
        "end": 12,
        "others": [
            {
                "matchingpositions": [
                    {
                        "end": 12,
                        "start": 8
                    }
                ],
                "source_gradeable": "f21__blank__multiple_versions",
                "username": "aphacker",
                "version": 1
            },
            {
                "matchingpositions": [
                    {
                        "end": 12,
                        "start": 8
                    }
                ],
                "source_gradeable": "f21__blank__multiple_versions",
                "username": "aphacker",
                "version": 2
            }
        ],
        "start": 8,
        "type": "match"
    },
    {
        "end": 13,
        "others": [
            {
                "matchingpositions": [
                    {
                        "end": 4,
                        "start": 1
                    },
                    {
                        "end": 13,
                        "start": 10
                    }
                ],
                "source_gradeable": "f21__blank__multiple_versions",
                "username": "aphacker",
                "version": 1
            },
            {
                "matchingpositions": [
                    {
                        "end": 4,
                        "start": 1
                    },
                    {
                        "end": 13,
                        "start": 10
                    }
                ],
                "source_gradeable": "f21__blank__multiple_versions",
                "username": "aphacker",
                "version": 2
            }
        ],
        "start": 10,
        "type": "match"
    },
    {
        "end": 14,
        "others": [
            {
                "matchingpositions": [
                    {
                        "end": 14,
                        "start": 11
                    }
                ],
                "source_gradeable": "f21__blank__multiple_versions",
                "username": "aphacker",
                "version": 1
            },
            {
                "matchingpositions": [
                    {
                        "end": 14,
                        "start": 11
                    }
                ],
                "source_gradeable": "f21__blank__multiple_versions",
                "username": "aphacker",
                "version": 2
            }
        ],
        "start": 11,
        "type": "match"
    },
    {
        "end": 28,
        "others": [
            {
                "matchingpositions": [
                    {
                        "end": 28,
                        "start": 12
                    }
                ],
                "source_gradeable": "f21__blank__multiple_versions",
                "username": "aphacker",
                "version": 2
            }
        ],
        "start": 12,
        "type": "match"
    },
    {
        "end": 32,
        "others": [
            {
                "matchingpositions": [
                    {
                        "end": 20,
                        "start": 14
                    }
                ],
                "source_gradeable": "f21__blank__multiple_versions",
                "username": "aphacker",
                "version": 1
            },
            {
                "matchingpositions": [
                    {
                        "end": 32,
                        "start": 26
                    }
                ],
                "source_gradeable": "f21__blank__multiple_versions",
                "username": "aphacker",
                "version": 2
            }
        ],
        "start": 26,
        "type": "match"
    },
    {
        "end": 46,
        "others": [
            {
                "matchingpositions": [
                    {
                        "end": 34,
                        "start": 22
                    }
                ],
                "source_gradeable": "f21__blank__multiple_versions",
                "username": "aphacker",
                "version": 1
            },
            {
                "matchingpositions": [
                    {
                        "end": 46,
                        "start": 34
                    }
                ],
                "source_gradeable": "f21__blank__multiple_versions",
                "username": "aphacker",
                "version": 2
            }
        ],
        "start": 34,
        "type": "match"
    }
]
