ccbfc51b
46d2e902
0a1bc040
6d14f9b3
a5d513dd
5e030a24
c715d526
fd3fa0fe
b1917b6c
ccbfc51b
fcf8964c
6afa4117
25a42a47
2ac066f5
c6097572
6011cbf5
adefe73d
36182b9f
36d719a0
fe129c06
e44ef48d
6bb90c04
083a9efd
93d49734
0f905a05
8bfb058d
06410254
61b171ee
6c920afa
05660ab4
30a548ac
b38f50f3
2997d7c5
297c601f
e8ccd482
ae6d442f
4de258e3
fae8aa98
24ac3d5d
fbdad65f
fc98ba6b
44bbaa49
83df01b7
964fade5
2ea0ba40
5494f32a
e248b1d9
528feb65
27d1db1f
c552988d
cf65191e
eff2064e
0847585b
c64da9e5
7b3dc1c1
045fe7d1
50ac87da
f5f088e7
ecb2eef0
7d75f52c
8576ec09
497a431b