bitdiddle        1    f21__plagiarism__multiple_versions   32.79%
