[
    {
        "char": 1,
        "line": 1,
        "type": "punctuation",
        "value": "="
    },
    {
        "char": 2,
        "line": 1,
        "type": "punctuation",
        "value": "="
    },
    {
        "char": 3,
        "line": 1,
        "type": "punctuation",
        "value": "="
    },
    {
        "char": 4,
        "line": 1,
        "type": "punctuation",
        "value": "="
    },
    {
        "char": 6,
        "line": 1,
        "type": "string",
        "value": "submission"
    },
    {
        "char": 16,
        "line": 1,
        "type": "punctuation",
        "value": "_"
    },
    {
        "char": 17,
        "line": 1,
        "type": "number",
        "value": 1
    },
    {
        "char": 18,
        "line": 1,
        "type": "punctuation",
        "value": "."
    },
    {
        "char": 19,
        "line": 1,
        "type": "string",
        "value": "txt"
    },
    {
        "char": 23,
        "line": 1,
        "type": "punctuation",
        "value": "="
    },
    {
        "char": 24,
        "line": 1,
        "type": "punctuation",
        "value": "="
    },
    {
        "char": 25,
        "line": 1,
        "type": "punctuation",
        "value": "="
    },
    {
        "char": 26,
        "line": 1,
        "type": "punctuation",
        "value": "="
    },
    {
        "char": 1,
        "line": 2,
        "type": "string",
        "value": "This"
    },
    {
        "char": 6,
        "line": 2,
        "type": "string",
        "value": "file"
    },
    {
        "char": 11,
        "line": 2,
        "type": "string",
        "value": "is"
    },
    {
        "char": 14,
        "line": 2,
        "type": "string",
        "value": "meant"
    },
    {
        "char": 20,
        "line": 2,
        "type": "string",
        "value": "to"
    },
    {
        "char": 23,
        "line": 2,
        "type": "string",
        "value": "represent"
    },
    {
        "char": 33,
        "line": 2,
        "type": "string",
        "value": "the"
    },
    {
        "char": 37,
        "line": 2,
        "type": "string",
        "value": "first"
    },
    {
        "char": 43,
        "line": 2,
        "type": "string",
        "value": "submission"
    },
    {
        "char": 54,
        "line": 2,
        "type": "string",
        "value": "of"
    },
    {
        "char": 57,
        "line": 2,
        "type": "string",
        "value": "three"
    },
    {
        "char": 63,
        "line": 2,
        "type": "string",
        "value": "in"
    },
    {
        "char": 66,
        "line": 2,
        "type": "string",
        "value": "a"
    },
    {
        "char": 68,
        "line": 2,
        "type": "string",
        "value": "small"
    },
    {
        "char": 74,
        "line": 2,
        "type": "string",
        "value": "test"
    },
    {
        "char": 79,
        "line": 2,
        "type": "string",
        "value": "involving"
    },
    {
        "char": 89,
        "line": 2,
        "type": "string",
        "value": "users"
    },
    {
        "char": 95,
        "line": 2,
        "type": "string",
        "value": "with"
    },
    {
        "char": 100,
        "line": 2,
        "type": "string",
        "value": "multiple"
    },
    {
        "char": 109,
        "line": 2,
        "type": "string",
        "value": "submissions"
    },
    {
        "char": 120,
        "line": 2,
        "type": "punctuation",
        "value": "."
    },
    {
        "char": 123,
        "line": 2,
        "type": "string",
        "value": "This"
    },
    {
        "char": 128,
        "line": 2,
        "type": "string",
        "value": "submission"
    },
    {
        "char": 139,
        "line": 2,
        "type": "string",
        "value": "is"
    },
    {
        "char": 142,
        "line": 2,
        "type": "string",
        "value": "a"
    },
    {
        "char": 144,
        "line": 2,
        "type": "string",
        "value": "little"
    },
    {
        "char": 151,
        "line": 2,
        "type": "string",
        "value": "longer"
    },
    {
        "char": 158,
        "line": 2,
        "type": "string",
        "value": "than"
    },
    {
        "char": 163,
        "line": 2,
        "type": "string",
        "value": "the"
    },
    {
        "char": 167,
        "line": 2,
        "type": "string",
        "value": "other"
    },
    {
        "char": 173,
        "line": 2,
        "type": "string",
        "value": "two"
    },
    {
        "char": 177,
        "line": 2,
        "type": "string",
        "value": "submissions"
    },
    {
        "char": 189,
        "line": 2,
        "type": "string",
        "value": "because"
    },
    {
        "char": 197,
        "line": 2,
        "type": "string",
        "value": "we"
    },
    {
        "char": 200,
        "line": 2,
        "type": "string",
        "value": "want"
    },
    {
        "char": 205,
        "line": 2,
        "type": "string",
        "value": "to"
    },
    {
        "char": 208,
        "line": 2,
        "type": "string",
        "value": "test"
    },
    {
        "char": 213,
        "line": 2,
        "type": "string",
        "value": "that"
    },
    {
        "char": 218,
        "line": 2,
        "type": "string",
        "value": "the"
    },
    {
        "char": 222,
        "line": 2,
        "type": "string",
        "value": "system"
    },
    {
        "char": 229,
        "line": 2,
        "type": "string",
        "value": "still"
    },
    {
        "char": 235,
        "line": 2,
        "type": "string",
        "value": "works"
    },
    {
        "char": 241,
        "line": 2,
        "type": "string",
        "value": "when"
    },
    {
        "char": 246,
        "line": 2,
        "type": "string",
        "value": "the"
    },
    {
        "char": 250,
        "line": 2,
        "type": "string",
        "value": "highest"
    },
    {
        "char": 258,
        "line": 2,
        "type": "string",
        "value": "matching"
    },
    {
        "char": 267,
        "line": 2,
        "type": "string",
        "value": "version"
    },
    {
        "char": 275,
        "line": 2,
        "type": "string",
        "value": "is"
    },
    {
        "char": 278,
        "line": 2,
        "type": "string",
        "value": "the"
    },
    {
        "char": 282,
        "line": 2,
        "type": "string",
        "value": "second"
    },
    {
        "char": 289,
        "line": 2,
        "type": "string",
        "value": "version"
    },
    {
        "char": 296,
        "line": 2,
        "type": "punctuation",
        "value": "."
    }
]
