ccbfc51b
46d2e902
0a1bc040
b37a3b73
17f0039d
ca413f89
5c7d0821
fd3fa0fe
b1917b6c
ccbfc51b
fcf8964c
4c7b788b
3c78a77e
0480aa34
76b55240
d9fa30ce
e7e56e4a
122d719c
e5056ce3
9b510320
134f15c7
09af10f8
2ae680fc
12fbeaef
9e2a0ae6
2ac066f5
c6097572
6011cbf5
adefe73d
6d1d0ed1
b718f1ae
bb067147
7303ecef
6bb90c04
083a9efd
93d49734
0f905a05
8bfb058d
06410254
61b171ee
6c920afa
05660ab4
30a548ac