[
    {
        "char": 1,
        "line": 1,
        "type": "punctuation",
        "value": "="
    },
    {
        "char": 2,
        "line": 1,
        "type": "punctuation",
        "value": "="
    },
    {
        "char": 3,
        "line": 1,
        "type": "punctuation",
        "value": "="
    },
    {
        "char": 4,
        "line": 1,
        "type": "punctuation",
        "value": "="
    },
    {
        "char": 6,
        "line": 1,
        "type": "string",
        "value": "submission"
    },
    {
        "char": 16,
        "line": 1,
        "type": "punctuation",
        "value": "_"
    },
    {
        "char": 17,
        "line": 1,
        "type": "number",
        "value": 3
    },
    {
        "char": 18,
        "line": 1,
        "type": "punctuation",
        "value": "."
    },
    {
        "char": 19,
        "line": 1,
        "type": "string",
        "value": "txt"
    },
    {
        "char": 23,
        "line": 1,
        "type": "punctuation",
        "value": "="
    },
    {
        "char": 24,
        "line": 1,
        "type": "punctuation",
        "value": "="
    },
    {
        "char": 25,
        "line": 1,
        "type": "punctuation",
        "value": "="
    },
    {
        "char": 26,
        "line": 1,
        "type": "punctuation",
        "value": "="
    },
    {
        "char": 1,
        "line": 2,
        "type": "string",
        "value": "This"
    },
    {
        "char": 6,
        "line": 2,
        "type": "string",
        "value": "is"
    },
    {
        "char": 9,
        "line": 2,
        "type": "string",
        "value": "a"
    },
    {
        "char": 11,
        "line": 2,
        "type": "string",
        "value": "test"
    },
    {
        "char": 16,
        "line": 2,
        "type": "string",
        "value": "file"
    },
    {
        "char": 21,
        "line": 2,
        "type": "string",
        "value": "for"
    },
    {
        "char": 25,
        "line": 2,
        "type": "string",
        "value": "the"
    },
    {
        "char": 29,
        "line": 2,
        "type": "string",
        "value": "Lichen"
    },
    {
        "char": 36,
        "line": 2,
        "type": "string",
        "value": "plagiarism"
    },
    {
        "char": 47,
        "line": 2,
        "type": "string",
        "value": "detection"
    },
    {
        "char": 57,
        "line": 2,
        "type": "string",
        "value": "system"
    },
    {
        "char": 63,
        "line": 2,
        "type": "punctuation",
        "value": "."
    },
    {
        "char": 66,
        "line": 2,
        "type": "string",
        "value": "This"
    },
    {
        "char": 71,
        "line": 2,
        "type": "string",
        "value": "file"
    },
    {
        "char": 76,
        "line": 2,
        "type": "string",
        "value": "is"
    },
    {
        "char": 79,
        "line": 2,
        "type": "string",
        "value": "meant"
    },
    {
        "char": 85,
        "line": 2,
        "type": "string",
        "value": "to"
    },
    {
        "char": 88,
        "line": 2,
        "type": "string",
        "value": "represent"
    },
    {
        "char": 98,
        "line": 2,
        "type": "string",
        "value": "the"
    },
    {
        "char": 102,
        "line": 2,
        "type": "string",
        "value": "third"
    },
    {
        "char": 108,
        "line": 2,
        "type": "string",
        "value": "submission"
    },
    {
        "char": 119,
        "line": 2,
        "type": "string",
        "value": "of"
    },
    {
        "char": 122,
        "line": 2,
        "type": "string",
        "value": "three"
    },
    {
        "char": 128,
        "line": 2,
        "type": "string",
        "value": "in"
    },
    {
        "char": 131,
        "line": 2,
        "type": "string",
        "value": "a"
    },
    {
        "char": 133,
        "line": 2,
        "type": "string",
        "value": "small"
    },
    {
        "char": 139,
        "line": 2,
        "type": "string",
        "value": "test"
    },
    {
        "char": 144,
        "line": 2,
        "type": "string",
        "value": "involving"
    },
    {
        "char": 154,
        "line": 2,
        "type": "string",
        "value": "users"
    },
    {
        "char": 160,
        "line": 2,
        "type": "string",
        "value": "with"
    },
    {
        "char": 165,
        "line": 2,
        "type": "string",
        "value": "multiple"
    },
    {
        "char": 174,
        "line": 2,
        "type": "string",
        "value": "submissions"
    },
    {
        "char": 185,
        "line": 2,
        "type": "punctuation",
        "value": "."
    }
]
