ccbfc51b
46d2e902
0a1bc040
e8f1fb56
0eebdb06
f70afccd
51d61d4e
fd3fa0fe
b1917b6c
ccbfc51b
d2c0f344
c852f133
47257543
487494f8
a3de10de
e715bd1c
2a9aa63c
0e3b20f4
1bb3706c
93a9ddae
956539e1
0abdaa40
5ba84583
d5fa9583
e2302196
5a09b810
d19017e5
49997828
4242494d
4969fb08
51a05808
aebb21dd
71a02377
6a71c86b
77f153a7
acc50cd1
36055195
ef93110c
95b93787
fef2c229
1694995d
92254744
632088c0
ad2dc25f
e27e5b81
90002f98
7c621933
eed75ac6
a17d9434
f044f685
fdd82445
7c8725b0
2b3d9b86
77162066
10e8bdc5
7cc6f896
23138e99
affad71a
757ece57
4473e3aa
eae98206
674c59c6
0e42a26f
8aea25a3
8b7c2aa6
673f9bb9
69418ce5
23f52625
8d694449
fb67e18a
c4e7d4c0
7890fb55
3486292a
b6157e23
732d84ae
7055d5d8
ddbe1a99