bitdiddle        1    f21__plagiarism__repeated_sequences   18.42%
