[
    {
        "char": 1,
        "line": 1,
        "type": "punctuation",
        "value": "="
    },
    {
        "char": 2,
        "line": 1,
        "type": "punctuation",
        "value": "="
    },
    {
        "char": 3,
        "line": 1,
        "type": "punctuation",
        "value": "="
    },
    {
        "char": 4,
        "line": 1,
        "type": "punctuation",
        "value": "="
    },
    {
        "char": 6,
        "line": 1,
        "type": "string",
        "value": "submission"
    },
    {
        "char": 16,
        "line": 1,
        "type": "punctuation",
        "value": "_"
    },
    {
        "char": 17,
        "line": 1,
        "type": "string",
        "value": "a"
    },
    {
        "char": 18,
        "line": 1,
        "type": "punctuation",
        "value": "."
    },
    {
        "char": 19,
        "line": 1,
        "type": "string",
        "value": "txt"
    },
    {
        "char": 23,
        "line": 1,
        "type": "punctuation",
        "value": "="
    },
    {
        "char": 24,
        "line": 1,
        "type": "punctuation",
        "value": "="
    },
    {
        "char": 25,
        "line": 1,
        "type": "punctuation",
        "value": "="
    },
    {
        "char": 26,
        "line": 1,
        "type": "punctuation",
        "value": "="
    },
    {
        "char": 1,
        "line": 2,
        "type": "string",
        "value": "The"
    },
    {
        "char": 5,
        "line": 2,
        "type": "string",
        "value": "test"
    },
    {
        "char": 10,
        "line": 2,
        "type": "string",
        "value": "case"
    },
    {
        "char": 15,
        "line": 2,
        "type": "string",
        "value": "is"
    },
    {
        "char": 18,
        "line": 2,
        "type": "string",
        "value": "meant"
    },
    {
        "char": 24,
        "line": 2,
        "type": "string",
        "value": "to"
    },
    {
        "char": 27,
        "line": 2,
        "type": "string",
        "value": "test"
    },
    {
        "char": 32,
        "line": 2,
        "type": "string",
        "value": "sequences"
    },
    {
        "char": 42,
        "line": 2,
        "type": "string",
        "value": "of"
    },
    {
        "char": 45,
        "line": 2,
        "type": "string",
        "value": "tokens"
    },
    {
        "char": 52,
        "line": 2,
        "type": "string",
        "value": "that"
    },
    {
        "char": 57,
        "line": 2,
        "type": "string",
        "value": "repeat"
    },
    {
        "char": 64,
        "line": 2,
        "type": "string",
        "value": "several"
    },
    {
        "char": 1,
        "line": 3,
        "type": "string",
        "value": "times"
    },
    {
        "char": 7,
        "line": 3,
        "type": "string",
        "value": "throughout"
    },
    {
        "char": 18,
        "line": 3,
        "type": "string",
        "value": "the"
    },
    {
        "char": 22,
        "line": 3,
        "type": "string",
        "value": "file"
    },
    {
        "char": 26,
        "line": 3,
        "type": "punctuation",
        "value": "."
    },
    {
        "char": 1,
        "line": 5,
        "type": "string",
        "value": "To"
    },
    {
        "char": 4,
        "line": 5,
        "type": "string",
        "value": "simplify"
    },
    {
        "char": 13,
        "line": 5,
        "type": "string",
        "value": "this"
    },
    {
        "char": 18,
        "line": 5,
        "type": "string",
        "value": "sequence"
    },
    {
        "char": 27,
        "line": 5,
        "type": "string",
        "value": "repeats"
    },
    {
        "char": 35,
        "line": 5,
        "type": "string",
        "value": "in"
    },
    {
        "char": 38,
        "line": 5,
        "type": "string",
        "value": "this"
    },
    {
        "char": 43,
        "line": 5,
        "type": "string",
        "value": "file"
    },
    {
        "char": 48,
        "line": 5,
        "type": "string",
        "value": "only"
    },
    {
        "char": 53,
        "line": 5,
        "type": "string",
        "value": "once"
    },
    {
        "char": 57,
        "line": 5,
        "type": "punctuation",
        "value": "."
    },
    {
        "char": 1,
        "line": 6,
        "type": "string",
        "value": "We"
    },
    {
        "char": 4,
        "line": 6,
        "type": "string",
        "value": "can"
    },
    {
        "char": 8,
        "line": 6,
        "type": "string",
        "value": "go"
    },
    {
        "char": 11,
        "line": 6,
        "type": "string",
        "value": "on"
    },
    {
        "char": 14,
        "line": 6,
        "type": "string",
        "value": "and"
    },
    {
        "char": 18,
        "line": 6,
        "type": "string",
        "value": "add"
    },
    {
        "char": 22,
        "line": 6,
        "type": "string",
        "value": "more"
    },
    {
        "char": 27,
        "line": 6,
        "type": "string",
        "value": "unique"
    },
    {
        "char": 34,
        "line": 6,
        "type": "string",
        "value": "text"
    },
    {
        "char": 39,
        "line": 6,
        "type": "string",
        "value": "around"
    },
    {
        "char": 46,
        "line": 6,
        "type": "string",
        "value": "it"
    },
    {
        "char": 49,
        "line": 6,
        "type": "string",
        "value": "while"
    },
    {
        "char": 55,
        "line": 6,
        "type": "string",
        "value": "not"
    },
    {
        "char": 59,
        "line": 6,
        "type": "string",
        "value": "making"
    },
    {
        "char": 66,
        "line": 6,
        "type": "string",
        "value": "things"
    },
    {
        "char": 73,
        "line": 6,
        "type": "string",
        "value": "go"
    },
    {
        "char": 1,
        "line": 7,
        "type": "string",
        "value": "too"
    },
    {
        "char": 5,
        "line": 7,
        "type": "string",
        "value": "long"
    },
    {
        "char": 9,
        "line": 7,
        "type": "punctuation",
        "value": "."
    },
    {
        "char": 11,
        "line": 7,
        "type": "string",
        "value": "Some"
    },
    {
        "char": 16,
        "line": 7,
        "type": "string",
        "value": "may"
    },
    {
        "char": 20,
        "line": 7,
        "type": "string",
        "value": "notice"
    },
    {
        "char": 27,
        "line": 7,
        "type": "string",
        "value": "how"
    },
    {
        "char": 31,
        "line": 7,
        "type": "string",
        "value": "this"
    },
    {
        "char": 36,
        "line": 7,
        "type": "string",
        "value": "file"
    },
    {
        "char": 41,
        "line": 7,
        "type": "string",
        "value": "which"
    },
    {
        "char": 47,
        "line": 7,
        "type": "string",
        "value": "has"
    },
    {
        "char": 51,
        "line": 7,
        "type": "string",
        "value": "a"
    },
    {
        "char": 53,
        "line": 7,
        "type": "string",
        "value": "second"
    },
    {
        "char": 60,
        "line": 7,
        "type": "string",
        "value": "repeating"
    },
    {
        "char": 1,
        "line": 8,
        "type": "string",
        "value": "sequence"
    },
    {
        "char": 10,
        "line": 8,
        "type": "string",
        "value": "here"
    },
    {
        "char": 15,
        "line": 8,
        "type": "string",
        "value": "is"
    },
    {
        "char": 18,
        "line": 8,
        "type": "string",
        "value": "getting"
    },
    {
        "char": 26,
        "line": 8,
        "type": "string",
        "value": "slightly"
    },
    {
        "char": 35,
        "line": 8,
        "type": "string",
        "value": "more"
    },
    {
        "char": 40,
        "line": 8,
        "type": "string",
        "value": "complicated"
    },
    {
        "char": 51,
        "line": 8,
        "type": "punctuation",
        "value": "."
    }
]
