ccbfc51b
46d2e902
0a1bc040
b50389c3
46038933
a5c34042
10cbb933
fd3fa0fe
b1917b6c
ccbfc51b
fcf8964c
14df488b
cc269ce7
8edeeef2
14e8cdbc
df420abd
8c2a5a2e
7d00e5ec
60932a54
2bfe2bda
15c5d1f0
faa5ffeb
5e0b17c7
00fac81e
1304f948
c782720e
dd695556
7ea25db3
f9bb0f73
0c68adb5
43c15890
57541c0e
1c8a42b6
6a71c86b
77f153a7
acc50cd1
29db3973
a702ce89
6bb4037b
e962845d
3aa14810
c6487535
738f2e08
4357413b
59cb1c92
ab0eb3c0
ed7d89ea
1780220a
26344516
aa5940ff
1c93b6a2
b822a3c2
83c3f108
3a413e48
65af3652
ba95cba2
c212cb93
8f0237a3
d0775a8b
8f50666c
f720ae40
e9735bc5
d382e499
5565091b
96624741
ce60e717
6a71c86b
77f153a7
acc50cd1
1d710b7e
48e64afe
67e9b05b
2112e253
16b88d68
d044df94
673f9bb9
69418ce5
23f52625
8d694449
fb67e18a
c4e7d4c0
507b93ac
ca4c7cef
90e2f4d8
ccf8682c
30ad42ea
75e633a8
fe2fcb00
091416c3
813c523e
7369861c
6a71c86b
77f153a7
acc50cd1
5f42c7d2
673f9bb9
69418ce5
23f52625
8d694449
fb67e18a
c4e7d4c0
252b8ba9
560e102c
0e79fb45
2eee265a