[
    {
        "char": 1,
        "line": 1,
        "type": "punctuation",
        "value": "="
    },
    {
        "char": 2,
        "line": 1,
        "type": "punctuation",
        "value": "="
    },
    {
        "char": 3,
        "line": 1,
        "type": "punctuation",
        "value": "="
    },
    {
        "char": 4,
        "line": 1,
        "type": "punctuation",
        "value": "="
    },
    {
        "char": 6,
        "line": 1,
        "type": "string",
        "value": "submission"
    },
    {
        "char": 16,
        "line": 1,
        "type": "punctuation",
        "value": "_"
    },
    {
        "char": 17,
        "line": 1,
        "type": "string",
        "value": "b"
    },
    {
        "char": 18,
        "line": 1,
        "type": "punctuation",
        "value": "."
    },
    {
        "char": 19,
        "line": 1,
        "type": "string",
        "value": "txt"
    },
    {
        "char": 23,
        "line": 1,
        "type": "punctuation",
        "value": "="
    },
    {
        "char": 24,
        "line": 1,
        "type": "punctuation",
        "value": "="
    },
    {
        "char": 25,
        "line": 1,
        "type": "punctuation",
        "value": "="
    },
    {
        "char": 26,
        "line": 1,
        "type": "punctuation",
        "value": "="
    },
    {
        "char": 1,
        "line": 2,
        "type": "string",
        "value": "This"
    },
    {
        "char": 6,
        "line": 2,
        "type": "string",
        "value": "second"
    },
    {
        "char": 13,
        "line": 2,
        "type": "string",
        "value": "case"
    },
    {
        "char": 18,
        "line": 2,
        "type": "string",
        "value": "was"
    },
    {
        "char": 22,
        "line": 2,
        "type": "string",
        "value": "designed"
    },
    {
        "char": 31,
        "line": 2,
        "type": "string",
        "value": "to"
    },
    {
        "char": 34,
        "line": 2,
        "type": "string",
        "value": "examine"
    },
    {
        "char": 42,
        "line": 2,
        "type": "string",
        "value": "token"
    },
    {
        "char": 48,
        "line": 2,
        "type": "string",
        "value": "sequences"
    },
    {
        "char": 58,
        "line": 2,
        "type": "string",
        "value": "which"
    },
    {
        "char": 64,
        "line": 2,
        "type": "string",
        "value": "repeat"
    },
    {
        "char": 71,
        "line": 2,
        "type": "string",
        "value": "in"
    },
    {
        "char": 1,
        "line": 3,
        "type": "string",
        "value": "multiple"
    },
    {
        "char": 10,
        "line": 3,
        "type": "string",
        "value": "locations"
    },
    {
        "char": 20,
        "line": 3,
        "type": "string",
        "value": "in"
    },
    {
        "char": 23,
        "line": 3,
        "type": "string",
        "value": "a"
    },
    {
        "char": 25,
        "line": 3,
        "type": "string",
        "value": "file"
    },
    {
        "char": 29,
        "line": 3,
        "type": "punctuation",
        "value": "."
    },
    {
        "char": 1,
        "line": 5,
        "type": "string",
        "value": "For"
    },
    {
        "char": 5,
        "line": 5,
        "type": "string",
        "value": "example"
    },
    {
        "char": 13,
        "line": 5,
        "type": "string",
        "value": "this"
    },
    {
        "char": 18,
        "line": 5,
        "type": "string",
        "value": "sequence"
    },
    {
        "char": 27,
        "line": 5,
        "type": "string",
        "value": "repeats"
    },
    {
        "char": 35,
        "line": 5,
        "type": "string",
        "value": "in"
    },
    {
        "char": 38,
        "line": 5,
        "type": "string",
        "value": "this"
    },
    {
        "char": 43,
        "line": 5,
        "type": "string",
        "value": "file"
    },
    {
        "char": 48,
        "line": 5,
        "type": "string",
        "value": "for"
    },
    {
        "char": 52,
        "line": 5,
        "type": "string",
        "value": "the"
    },
    {
        "char": 56,
        "line": 5,
        "type": "string",
        "value": "first"
    },
    {
        "char": 62,
        "line": 5,
        "type": "string",
        "value": "time"
    },
    {
        "char": 66,
        "line": 5,
        "type": "punctuation",
        "value": "."
    },
    {
        "char": 68,
        "line": 5,
        "type": "string",
        "value": "We"
    },
    {
        "char": 1,
        "line": 6,
        "type": "string",
        "value": "create"
    },
    {
        "char": 8,
        "line": 6,
        "type": "string",
        "value": "a"
    },
    {
        "char": 10,
        "line": 6,
        "type": "string",
        "value": "small"
    },
    {
        "char": 16,
        "line": 6,
        "type": "string",
        "value": "distraction"
    },
    {
        "char": 28,
        "line": 6,
        "type": "string",
        "value": "by"
    },
    {
        "char": 31,
        "line": 6,
        "type": "string",
        "value": "adding"
    },
    {
        "char": 38,
        "line": 6,
        "type": "string",
        "value": "some"
    },
    {
        "char": 43,
        "line": 6,
        "type": "string",
        "value": "text"
    },
    {
        "char": 48,
        "line": 6,
        "type": "string",
        "value": "between"
    },
    {
        "char": 56,
        "line": 6,
        "type": "string",
        "value": "the"
    },
    {
        "char": 60,
        "line": 6,
        "type": "string",
        "value": "matching"
    },
    {
        "char": 1,
        "line": 7,
        "type": "string",
        "value": "sequences"
    },
    {
        "char": 11,
        "line": 7,
        "type": "string",
        "value": "that"
    },
    {
        "char": 16,
        "line": 7,
        "type": "string",
        "value": "would"
    },
    {
        "char": 22,
        "line": 7,
        "type": "string",
        "value": "not"
    },
    {
        "char": 26,
        "line": 7,
        "type": "string",
        "value": "match"
    },
    {
        "char": 31,
        "line": 7,
        "type": "punctuation",
        "value": "."
    },
    {
        "char": 1,
        "line": 8,
        "type": "string",
        "value": "Next"
    },
    {
        "char": 5,
        "line": 8,
        "type": "punctuation",
        "value": ","
    },
    {
        "char": 7,
        "line": 8,
        "type": "string",
        "value": "we"
    },
    {
        "char": 10,
        "line": 8,
        "type": "string",
        "value": "see"
    },
    {
        "char": 14,
        "line": 8,
        "type": "string",
        "value": "this"
    },
    {
        "char": 19,
        "line": 8,
        "type": "string",
        "value": "sequence"
    },
    {
        "char": 28,
        "line": 8,
        "type": "string",
        "value": "repeats"
    },
    {
        "char": 36,
        "line": 8,
        "type": "string",
        "value": "in"
    },
    {
        "char": 39,
        "line": 8,
        "type": "string",
        "value": "this"
    },
    {
        "char": 44,
        "line": 8,
        "type": "string",
        "value": "file"
    },
    {
        "char": 49,
        "line": 8,
        "type": "string",
        "value": "again"
    },
    {
        "char": 55,
        "line": 8,
        "type": "string",
        "value": "and"
    },
    {
        "char": 59,
        "line": 8,
        "type": "string",
        "value": "that"
    },
    {
        "char": 64,
        "line": 8,
        "type": "string",
        "value": "this"
    },
    {
        "char": 69,
        "line": 8,
        "type": "string",
        "value": "file"
    },
    {
        "char": 1,
        "line": 9,
        "type": "string",
        "value": "which"
    },
    {
        "char": 7,
        "line": 9,
        "type": "string",
        "value": "has"
    },
    {
        "char": 11,
        "line": 9,
        "type": "string",
        "value": "a"
    },
    {
        "char": 13,
        "line": 9,
        "type": "string",
        "value": "second"
    },
    {
        "char": 20,
        "line": 9,
        "type": "string",
        "value": "repeating"
    },
    {
        "char": 30,
        "line": 9,
        "type": "string",
        "value": "sequence"
    },
    {
        "char": 39,
        "line": 9,
        "type": "string",
        "value": "here"
    },
    {
        "char": 43,
        "line": 9,
        "type": "punctuation",
        "value": "."
    },
    {
        "char": 1,
        "line": 10,
        "type": "string",
        "value": "Finally"
    },
    {
        "char": 8,
        "line": 10,
        "type": "punctuation",
        "value": ","
    },
    {
        "char": 10,
        "line": 10,
        "type": "string",
        "value": "to"
    },
    {
        "char": 13,
        "line": 10,
        "type": "string",
        "value": "conclude"
    },
    {
        "char": 22,
        "line": 10,
        "type": "string",
        "value": "our"
    },
    {
        "char": 26,
        "line": 10,
        "type": "string",
        "value": "experiment"
    },
    {
        "char": 37,
        "line": 10,
        "type": "string",
        "value": "this"
    },
    {
        "char": 42,
        "line": 10,
        "type": "string",
        "value": "sequence"
    },
    {
        "char": 51,
        "line": 10,
        "type": "string",
        "value": "repeats"
    },
    {
        "char": 59,
        "line": 10,
        "type": "string",
        "value": "in"
    },
    {
        "char": 62,
        "line": 10,
        "type": "string",
        "value": "this"
    },
    {
        "char": 67,
        "line": 10,
        "type": "string",
        "value": "file"
    },
    {
        "char": 1,
        "line": 11,
        "type": "string",
        "value": "which"
    },
    {
        "char": 7,
        "line": 11,
        "type": "string",
        "value": "has"
    },
    {
        "char": 11,
        "line": 11,
        "type": "string",
        "value": "a"
    },
    {
        "char": 13,
        "line": 11,
        "type": "string",
        "value": "second"
    },
    {
        "char": 20,
        "line": 11,
        "type": "string",
        "value": "repeating"
    },
    {
        "char": 30,
        "line": 11,
        "type": "string",
        "value": "sequence"
    },
    {
        "char": 39,
        "line": 11,
        "type": "string",
        "value": "here"
    },
    {
        "char": 44,
        "line": 11,
        "type": "string",
        "value": "one"
    },
    {
        "char": 48,
        "line": 11,
        "type": "string",
        "value": "last"
    },
    {
        "char": 53,
        "line": 11,
        "type": "string",
        "value": "time"
    },
    {
        "char": 57,
        "line": 11,
        "type": "punctuation",
        "value": "."
    }
]
