ccbfc51b
46d2e902
0a1bc040
b8cd789e
50fb6242
2ddc3046
9343e0c2
fd3fa0fe
b1917b6c
ccbfc51b
fcf8964c
4c7b788b
3c78a77e
0480aa34
76b55240
d9fa30ce
e7e56e4a
122d719c
e5056ce3
9b510320
134f15c7
09af10f8
2ae680fc
12fbeaef
9e2a0ae6
2ac066f5
c6097572
6011cbf5
adefe73d
bdadb582
88c09423
916c300e
44f252c0
6bb90c04
083a9efd
93d49734
0f905a05
8bfb058d
06410254
61b171ee
6c920afa
05660ab4
30a548ac