bitdiddle        1    f21__plagiarism__multiple_versions   80.95%
