[
    {
        "char": 1,
        "line": 1,
        "type": "punctuation",
        "value": "="
    },
    {
        "char": 2,
        "line": 1,
        "type": "punctuation",
        "value": "="
    },
    {
        "char": 3,
        "line": 1,
        "type": "punctuation",
        "value": "="
    },
    {
        "char": 4,
        "line": 1,
        "type": "punctuation",
        "value": "="
    },
    {
        "char": 6,
        "line": 1,
        "type": "string",
        "value": "submission"
    },
    {
        "char": 16,
        "line": 1,
        "type": "punctuation",
        "value": "_"
    },
    {
        "char": 17,
        "line": 1,
        "type": "number",
        "value": 2
    },
    {
        "char": 18,
        "line": 1,
        "type": "punctuation",
        "value": "."
    },
    {
        "char": 19,
        "line": 1,
        "type": "string",
        "value": "txt"
    },
    {
        "char": 23,
        "line": 1,
        "type": "punctuation",
        "value": "="
    },
    {
        "char": 24,
        "line": 1,
        "type": "punctuation",
        "value": "="
    },
    {
        "char": 25,
        "line": 1,
        "type": "punctuation",
        "value": "="
    },
    {
        "char": 26,
        "line": 1,
        "type": "punctuation",
        "value": "="
    },
    {
        "char": 1,
        "line": 2,
        "type": "string",
        "value": "This"
    },
    {
        "char": 6,
        "line": 2,
        "type": "string",
        "value": "is"
    },
    {
        "char": 9,
        "line": 2,
        "type": "string",
        "value": "a"
    },
    {
        "char": 11,
        "line": 2,
        "type": "string",
        "value": "test"
    },
    {
        "char": 16,
        "line": 2,
        "type": "string",
        "value": "file"
    },
    {
        "char": 21,
        "line": 2,
        "type": "string",
        "value": "for"
    },
    {
        "char": 25,
        "line": 2,
        "type": "string",
        "value": "the"
    },
    {
        "char": 29,
        "line": 2,
        "type": "string",
        "value": "Lichen"
    },
    {
        "char": 36,
        "line": 2,
        "type": "string",
        "value": "plagiarism"
    },
    {
        "char": 47,
        "line": 2,
        "type": "string",
        "value": "detection"
    },
    {
        "char": 57,
        "line": 2,
        "type": "string",
        "value": "system"
    },
    {
        "char": 63,
        "line": 2,
        "type": "punctuation",
        "value": "."
    },
    {
        "char": 66,
        "line": 2,
        "type": "string",
        "value": "This"
    },
    {
        "char": 71,
        "line": 2,
        "type": "string",
        "value": "file"
    },
    {
        "char": 76,
        "line": 2,
        "type": "string",
        "value": "is"
    },
    {
        "char": 79,
        "line": 2,
        "type": "string",
        "value": "meant"
    },
    {
        "char": 85,
        "line": 2,
        "type": "string",
        "value": "to"
    },
    {
        "char": 88,
        "line": 2,
        "type": "string",
        "value": "represent"
    },
    {
        "char": 98,
        "line": 2,
        "type": "string",
        "value": "the"
    },
    {
        "char": 102,
        "line": 2,
        "type": "string",
        "value": "second"
    },
    {
        "char": 109,
        "line": 2,
        "type": "string",
        "value": "submission"
    },
    {
        "char": 120,
        "line": 2,
        "type": "string",
        "value": "of"
    },
    {
        "char": 123,
        "line": 2,
        "type": "string",
        "value": "three"
    },
    {
        "char": 129,
        "line": 2,
        "type": "string",
        "value": "in"
    },
    {
        "char": 132,
        "line": 2,
        "type": "string",
        "value": "a"
    },
    {
        "char": 134,
        "line": 2,
        "type": "string",
        "value": "small"
    },
    {
        "char": 140,
        "line": 2,
        "type": "string",
        "value": "test"
    },
    {
        "char": 145,
        "line": 2,
        "type": "string",
        "value": "involving"
    },
    {
        "char": 155,
        "line": 2,
        "type": "string",
        "value": "users"
    },
    {
        "char": 161,
        "line": 2,
        "type": "string",
        "value": "with"
    },
    {
        "char": 166,
        "line": 2,
        "type": "string",
        "value": "multiple"
    },
    {
        "char": 175,
        "line": 2,
        "type": "string",
        "value": "submissions"
    },
    {
        "char": 186,
        "line": 2,
        "type": "punctuation",
        "value": "."
    }
]
